0.900000 1.800000 
0.850000 1.700000 
0.900000 1.800000 

