4.000000 6.000000 7.000000 8.000000 9.000000 
0.000000 5.500000 6.500000 7.500000 8.500000 
0.000000 6.000000 7.000000 8.000000 9.000000 

13.000000 1.750000 5.500000 6.500000 7.500000 
32.000000 -0.250000 6.000000 7.000000 8.000000 
25.000000 -0.250000 5.500000 6.500000 7.500000 

159.500000 21.500000 1.000000 6.000000 7.000000 
271.000000 36.125000 -2.875000 4.500000 5.500000 
253.500000 28.500000 0.000000 6.000000 7.000000 

